[
  {
    "test_name": "Test_1",
    "input": {
      ":authority": "www.lyft.com",
      ":path": "/"
    },
    "_validate": {"cluster_name":"local_service"}
  },
  {
    "test_name": "Test_2",
    "input": {
      ":authority": "www.lyft.com",
      ":path": "/",
      "additional_headers": [{"field": "content-type", "value": "application/grpc"}]
    },
    "_validate": {"cluster_name": "local_service_grpc"}
  },
  {
    "test_name": "Test_3",
    "input": {
      ":authority": "www.lyft.com",
      ":path": "/",
      "additional_headers": [{"field": "content-type", "value": "foo"}]
    },
    "_validate": {"cluster_name": "local_service"}
  }
]
